2025-12-23 08:54:44,420 [INFO] Activator:176 - 


2025-12-23 08:54:44,425 [INFO] Activator:177 - !SESSION log4j initialized
2025-12-23 08:54:52,377 [INFO] LogOutputStream:77 - [STDOUT_REDIRECT] 
2025-12-23 08:55:05,485 [INFO] ApplicationProperties:184 - Using Application install path: C:\ST\STM32CubeIDE_1.19.0\STM32CubeIDE\plugins\com.st.stm32cube.common.mx_6.15.0.202507011659
2025-12-23 08:55:05,560 [INFO] DbMcusXml:78 - Set database path to: C:\ST\STM32CubeIDE_1.19.0\STM32CubeIDE\plugins\com.st.stm32cube.common.mx_6.15.0.202507011659\\db\/mcu/
2025-12-23 08:55:05,561 [INFO] ApiDb:274 - Set plugin database path to: C:\ST\STM32CubeIDE_1.19.0\STM32CubeIDE\plugins\com.st.stm32cube.common.mx_6.15.0.202507011659\\db\/plugins/boardmanager/
2025-12-23 08:55:05,562 [WARN] ApiDb:259 - Overriding images path with different value:  => C:\ST\STM32CubeIDE_1.19.0\STM32CubeIDE\plugins\com.st.stm32cube.common.mx_6.15.0.202507011659\\db\/plugins/mcufinder/images/
2025-12-23 08:55:05,601 [INFO] ApiDb:250 - Set database path to: C:\Users\aditi\.stmcufinder\plugins\mcufinder//mcu/
2025-12-23 08:55:05,608 [INFO] DbMcusAds:125 - Set database path to: C:\Users\aditi\.stmcufinder\plugins\mcufinder//mcu/
2025-12-23 08:55:05,707 [INFO] CrossReferenceDbSqlite:203 - Set database path to: C:\Users\aditi\.stmcufinder\plugins\mcufinder//mcu/cs/
2025-12-23 08:55:06,037 [INFO] RulesReader:64 - Compatibility file has been processed (317 Rules)
2025-12-23 08:55:06,315 [INFO] DbMcusXml:78 - Set database path to: C:\ST\STM32CubeIDE_1.19.0\STM32CubeIDE\plugins\com.st.stm32cube.common.mx_6.15.0.202507011659\\db\/mcu/
2025-12-23 08:55:06,316 [INFO] ApiDb:274 - Set plugin database path to: C:\ST\STM32CubeIDE_1.19.0\STM32CubeIDE\plugins\com.st.stm32cube.common.mx_6.15.0.202507011659\\db\/plugins/boardmanager/
2025-12-23 08:55:06,316 [INFO] ApiDb:261 - Set plugin images path to: C:\ST\STM32CubeIDE_1.19.0\STM32CubeIDE\plugins\com.st.stm32cube.common.mx_6.15.0.202507011659\\db\/plugins/mcufinder/images/
2025-12-23 08:55:06,317 [WARN] DbFile:41 - Overriding database path with different value: C:\Users\aditi\.stmcufinder\plugins\mcufinder/ => C:\Users\aditi\.stmcufinder\plugins\mcufinder
2025-12-23 08:55:06,317 [INFO] ApiDb:250 - Set database path to: C:\Users\aditi\.stmcufinder\plugins\mcufinder//mcu/
2025-12-23 08:55:06,317 [WARN] DbFile:41 - Overriding database path with different value: C:\Users\aditi\.stmcufinder\plugins\mcufinder/ => C:\Users\aditi\.stmcufinder\plugins\mcufinder
2025-12-23 08:55:06,317 [INFO] DbMcusAds:125 - Set database path to: C:\Users\aditi\.stmcufinder\plugins\mcufinder//mcu/
2025-12-23 08:55:06,317 [WARN] DbFile:41 - Overriding database path with different value: C:\Users\aditi\.stmcufinder\plugins\mcufinder/ => C:\Users\aditi\.stmcufinder\plugins\mcufinder
2025-12-23 08:55:06,317 [WARN] DbFile:41 - Overriding database path with different value: C:\Users\aditi\.stmcufinder\plugins\mcufinder/ => C:\Users\aditi\.stmcufinder\plugins\mcufinder
2025-12-23 08:55:06,318 [INFO] CrossReferenceDbSqlite:203 - Set database path to: C:\Users\aditi\.stmcufinder\plugins\mcufinder//mcu/cs/
2025-12-23 08:55:06,651 [INFO] MainPanel:274 - HeapMemory: 291504128
2025-12-23 08:55:06,864 [INFO] DbMcusXml:78 - Set database path to: C:\ST\STM32CubeIDE_1.19.0\STM32CubeIDE\plugins\com.st.stm32cube.common.mx_6.15.0.202507011659\\db\/mcu/
2025-12-23 08:55:06,865 [INFO] ApiDb:274 - Set plugin database path to: C:\ST\STM32CubeIDE_1.19.0\STM32CubeIDE\plugins\com.st.stm32cube.common.mx_6.15.0.202507011659\\db\/plugins/boardmanager/
2025-12-23 08:55:06,865 [INFO] ApiDb:261 - Set plugin images path to: C:\ST\STM32CubeIDE_1.19.0\STM32CubeIDE\plugins\com.st.stm32cube.common.mx_6.15.0.202507011659\\db\/plugins/mcufinder/images/
2025-12-23 08:55:06,878 [WARN] DbFile:41 - Overriding database path with different value: C:\Users\aditi\.stmcufinder\plugins\mcufinder/ => C:\Users\aditi\.stmcufinder\plugins\mcufinder
2025-12-23 08:55:06,878 [INFO] ApiDb:250 - Set database path to: C:\Users\aditi\.stmcufinder\plugins\mcufinder//mcu/
2025-12-23 08:55:06,878 [WARN] DbFile:41 - Overriding database path with different value: C:\Users\aditi\.stmcufinder\plugins\mcufinder/ => C:\Users\aditi\.stmcufinder\plugins\mcufinder
2025-12-23 08:55:06,879 [INFO] DbMcusAds:125 - Set database path to: C:\Users\aditi\.stmcufinder\plugins\mcufinder//mcu/
2025-12-23 08:55:06,879 [WARN] DbFile:41 - Overriding database path with different value: C:\Users\aditi\.stmcufinder\plugins\mcufinder/ => C:\Users\aditi\.stmcufinder\plugins\mcufinder
2025-12-23 08:55:06,879 [WARN] DbFile:41 - Overriding database path with different value: C:\Users\aditi\.stmcufinder\plugins\mcufinder/ => C:\Users\aditi\.stmcufinder\plugins\mcufinder
2025-12-23 08:55:06,880 [INFO] CrossReferenceDbSqlite:203 - Set database path to: C:\Users\aditi\.stmcufinder\plugins\mcufinder//mcu/cs/
2025-12-23 08:55:06,918 [INFO] ApplicationProperties:184 - Using Application install path: C:\ST\STM32CubeIDE_1.19.0\STM32CubeIDE\plugins\com.st.stm32cube.common.mx_6.15.0.202507011659
2025-12-23 08:55:06,921 [INFO] PluginManage:196 - Search for loadable plugins [exclusion list=, ]
2025-12-23 08:55:06,923 [INFO] PluginManage:310 - Check plugin analytics
2025-12-23 08:55:07,677 [INFO] AnalyticsPlugin:253 - Accepted Software Licenses: 
2025-12-23 08:55:07,677 [INFO] AnalyticsPlugin:255 - Accepted CMSIS Pack Licenses: 
2025-12-23 08:55:07,678 [INFO] AnalyticsPlugin:257 - Accepted Firmware Licenses: FW.F4.1.28.0
2025-12-23 08:55:07,695 [INFO] PluginManage:359 - Loaded plugin analytics (category:tool,tabindex:-1)
2025-12-23 08:55:07,696 [INFO] PluginManage:310 - Check plugin cadmodel
2025-12-23 08:55:07,716 [INFO] CADModel:105 - Init CAD model plugin
2025-12-23 08:55:07,716 [INFO] PluginManage:359 - Loaded plugin cadmodel (category:power,tabindex:5)
2025-12-23 08:55:07,717 [INFO] PluginManage:310 - Check plugin clock
2025-12-23 08:55:07,783 [INFO] PluginManage:359 - Loaded plugin clock (category:base,tabindex:2)
2025-12-23 08:55:07,783 [INFO] PluginManage:310 - Check plugin ddr
2025-12-23 08:55:07,801 [INFO] PluginManage:359 - Loaded plugin ddr (category:tool,tabindex:6)
2025-12-23 08:55:07,801 [INFO] PluginManage:310 - Check plugin filemanager
2025-12-23 08:55:08,367 [INFO] PluginManage:359 - Loaded plugin filemanager (category:base,tabindex:10)
2025-12-23 08:55:08,367 [INFO] PluginManage:310 - Check plugin ipmanager
2025-12-23 08:55:08,389 [INFO] PluginManage:359 - Loaded plugin ipmanager (category:base,tabindex:5)
2025-12-23 08:55:08,389 [INFO] PluginManage:310 - Check plugin lpbam
2025-12-23 08:55:08,423 [INFO] PluginManage:359 - Loaded plugin lpbam (category:base,tabindex:0)
2025-12-23 08:55:08,424 [INFO] PluginManage:310 - Check plugin memorymap
2025-12-23 08:55:08,467 [INFO] PluginManage:359 - Loaded plugin memorymap (category:base,tabindex:4)
2025-12-23 08:55:08,467 [INFO] PluginManage:310 - Check plugin pinoutandconfiguration
2025-12-23 08:55:08,499 [INFO] PluginManage:359 - Loaded plugin pinoutandconfiguration (category:base,tabindex:1)
2025-12-23 08:55:08,499 [INFO] PluginManage:310 - Check plugin pinoutconfig
2025-12-23 08:55:08,859 [WARN] SupportedApi:132 - Cannot load RTOS API schema: s4s-elt-must-match.1: The content of 'definitions' must match (annotation?, (simpleType | complexType)?, (unique | key | keyref)*)). A problem was found starting at: attribute.
2025-12-23 08:55:09,788 [INFO] PluginManage:359 - Loaded plugin pinoutconfig (category:base,tabindex:0)
2025-12-23 08:55:09,789 [INFO] PluginManage:310 - Check plugin power
2025-12-23 08:55:09,840 [INFO] PluginManage:359 - Loaded plugin power (category:power,tabindex:4)
2025-12-23 08:55:09,840 [INFO] PluginManage:310 - Check plugin projectmanager
2025-12-23 08:55:09,909 [INFO] PluginManage:359 - Loaded plugin projectmanager (category:projectmanager,tabindex:4)
2025-12-23 08:55:09,909 [INFO] PluginManage:310 - Check plugin rif
2025-12-23 08:55:09,972 [INFO] PluginManage:359 - Loaded plugin rif (category:base,tabindex:3)
2025-12-23 08:55:09,973 [INFO] PluginManage:310 - Check plugin thirdparty
2025-12-23 08:55:10,641 [WARN] IntegrityCheckThread:84 - waiting for thirdparty lock release [integrity check]
2025-12-23 08:55:10,641 [INFO] IntegrityCheckThread:86 - entering critical section [integrity check]
2025-12-23 08:55:10,642 [INFO] ThirdPartyUpdaterWithRetryManager:70 - Updater plugin not ready yet. [1/15]
2025-12-23 08:55:10,646 [INFO] PluginManage:359 - Loaded plugin thirdparty (category:base,tabindex:-1)
2025-12-23 08:55:10,646 [INFO] PluginManage:310 - Check plugin tools
2025-12-23 08:55:10,665 [INFO] PluginManage:359 - Loaded plugin tools (category:base,tabindex:7)
2025-12-23 08:55:10,665 [INFO] PluginManage:310 - Check plugin tutovideos
2025-12-23 08:55:11,308 [INFO] PluginManage:359 - Loaded plugin tutovideos (category:base,tabindex:-1)
2025-12-23 08:55:11,308 [INFO] PluginManage:310 - Check plugin updater
2025-12-23 08:55:11,352 [INFO] PluginManage:359 - Loaded plugin updater (category:base,tabindex:12)
2025-12-23 08:55:11,352 [INFO] PluginManage:310 - Check plugin userauth
2025-12-23 08:55:11,368 [INFO] UserAuth:118 - Init User Auth plugin
2025-12-23 08:55:11,371 [INFO] PluginManage:359 - Loaded plugin userauth (category:base,tabindex:14)
2025-12-23 08:55:11,373 [INFO] PluginManage:283 - PluginManage : Loaded plugins [18]
2025-12-23 08:55:11,762 [INFO] PinOutPanel:1589 - setPackage(No Configuration,No Configuration)
2025-12-23 08:55:11,898 [INFO] CADModel:165 - CPN selected for project level
2025-12-23 08:55:11,898 [INFO] CADModel:114 - Register for checkConnection events
2025-12-23 08:55:11,939 [INFO] IPUIPlugin:80 - create IPUIPlugin
2025-12-23 08:55:11,940 [INFO] PluginManager:220 - loadIPPluginJar : add adc
2025-12-23 08:55:11,947 [INFO] IPUIPlugin:80 - create IPUIPlugin
2025-12-23 08:55:11,948 [INFO] PluginManager:220 - loadIPPluginJar : add aes
2025-12-23 08:55:11,955 [INFO] IPUIPlugin:80 - create IPUIPlugin
2025-12-23 08:55:11,956 [INFO] PluginManager:220 - loadIPPluginJar : add can
2025-12-23 08:55:11,959 [INFO] IPUIPlugin:80 - create IPUIPlugin
2025-12-23 08:55:11,960 [INFO] PluginManager:220 - loadIPPluginJar : add comp
2025-12-23 08:55:11,965 [INFO] IPUIPlugin:80 - create IPUIPlugin
2025-12-23 08:55:11,966 [INFO] PluginManager:220 - loadIPPluginJar : add cryp
2025-12-23 08:55:11,972 [INFO] IPUIPlugin:80 - create IPUIPlugin
2025-12-23 08:55:11,972 [INFO] PluginManager:220 - loadIPPluginJar : add ddr_ctrl_phy
2025-12-23 08:55:11,976 [INFO] IPUIPlugin:80 - create IPUIPlugin
2025-12-23 08:55:11,976 [INFO] PluginManager:220 - loadIPPluginJar : add dfsdm
2025-12-23 08:55:11,985 [INFO] IPUIPlugin:80 - create IPUIPlugin
2025-12-23 08:55:11,987 [INFO] PluginManager:220 - loadIPPluginJar : add dma
2025-12-23 08:55:11,995 [INFO] IPUIPlugin:80 - create IPUIPlugin
2025-12-23 08:55:11,995 [INFO] PluginManager:220 - loadIPPluginJar : add dma3
2025-12-23 08:55:12,001 [INFO] IPUIPlugin:80 - create IPUIPlugin
2025-12-23 08:55:12,002 [INFO] PluginManager:220 - loadIPPluginJar : add extmemmanager
2025-12-23 08:55:12,006 [INFO] IPUIPlugin:80 - create IPUIPlugin
2025-12-23 08:55:12,007 [INFO] PluginManager:220 - loadIPPluginJar : add fatfs
2025-12-23 08:55:12,016 [INFO] IPUIPlugin:80 - create IPUIPlugin
2025-12-23 08:55:12,016 [INFO] PluginManager:220 - loadIPPluginJar : add fmc
2025-12-23 08:55:12,032 [INFO] IPUIPlugin:80 - create IPUIPlugin
2025-12-23 08:55:12,032 [INFO] PluginManager:220 - loadIPPluginJar : add freertos
2025-12-23 08:55:12,037 [INFO] IPUIPlugin:80 - create IPUIPlugin
2025-12-23 08:55:12,038 [INFO] PluginManager:220 - loadIPPluginJar : add genericplugin
2025-12-23 08:55:12,043 [INFO] IPUIPlugin:80 - create IPUIPlugin
2025-12-23 08:55:12,043 [INFO] PluginManager:220 - loadIPPluginJar : add gfxmmu
2025-12-23 08:55:12,053 [INFO] IPUIPlugin:80 - create IPUIPlugin
2025-12-23 08:55:12,053 [INFO] PluginManager:220 - loadIPPluginJar : add gic
2025-12-23 08:55:12,063 [INFO] IPUIPlugin:80 - create IPUIPlugin
2025-12-23 08:55:12,063 [INFO] PluginManager:220 - loadIPPluginJar : add gpio
2025-12-23 08:55:12,070 [INFO] IPUIPlugin:80 - create IPUIPlugin
2025-12-23 08:55:12,070 [INFO] PluginManager:220 - loadIPPluginJar : add gtzc
2025-12-23 08:55:12,076 [INFO] IPUIPlugin:80 - create IPUIPlugin
2025-12-23 08:55:12,077 [INFO] PluginManager:220 - loadIPPluginJar : add hash
2025-12-23 08:55:12,082 [INFO] IPUIPlugin:80 - create IPUIPlugin
2025-12-23 08:55:12,082 [INFO] PluginManager:220 - loadIPPluginJar : add i2c
2025-12-23 08:55:12,087 [INFO] IPUIPlugin:80 - create IPUIPlugin
2025-12-23 08:55:12,088 [INFO] PluginManager:220 - loadIPPluginJar : add i2s
2025-12-23 08:55:12,095 [INFO] IPUIPlugin:80 - create IPUIPlugin
2025-12-23 08:55:12,096 [INFO] PluginManager:220 - loadIPPluginJar : add i3c
2025-12-23 08:55:12,101 [INFO] IPUIPlugin:80 - create IPUIPlugin
2025-12-23 08:55:12,102 [INFO] PluginManager:220 - loadIPPluginJar : add ipddr
2025-12-23 08:55:12,113 [INFO] IPUIPlugin:80 - create IPUIPlugin
2025-12-23 08:55:12,114 [INFO] PluginManager:220 - loadIPPluginJar : add linkedlist
2025-12-23 08:55:12,120 [INFO] IPUIPlugin:80 - create IPUIPlugin
2025-12-23 08:55:12,120 [INFO] PluginManager:220 - loadIPPluginJar : add lorawan
2025-12-23 08:55:12,123 [INFO] IPUIPlugin:80 - create IPUIPlugin
2025-12-23 08:55:12,123 [INFO] PluginManager:220 - loadIPPluginJar : add ltdc
2025-12-23 08:55:12,132 [INFO] IPUIPlugin:80 - create IPUIPlugin
2025-12-23 08:55:12,133 [INFO] PluginManager:220 - loadIPPluginJar : add mdma
2025-12-23 08:55:12,139 [INFO] IPUIPlugin:80 - create IPUIPlugin
2025-12-23 08:55:12,139 [INFO] PluginManager:220 - loadIPPluginJar : add nvic
2025-12-23 08:55:12,147 [INFO] IPUIPlugin:80 - create IPUIPlugin
2025-12-23 08:55:12,147 [INFO] PluginManager:220 - loadIPPluginJar : add opamp
2025-12-23 08:55:12,154 [INFO] IPUIPlugin:80 - create IPUIPlugin
2025-12-23 08:55:12,154 [INFO] PluginManager:220 - loadIPPluginJar : add openamp
2025-12-23 08:55:12,161 [INFO] IPUIPlugin:80 - create IPUIPlugin
2025-12-23 08:55:12,162 [INFO] PluginManager:220 - loadIPPluginJar : add pdm2pcm
2025-12-23 08:55:12,177 [INFO] IPUIPlugin:80 - create IPUIPlugin
2025-12-23 08:55:12,182 [INFO] PluginManager:220 - loadIPPluginJar : add plateformsettings
2025-12-23 08:55:12,185 [INFO] IPUIPlugin:80 - create IPUIPlugin
2025-12-23 08:55:12,186 [INFO] PluginManager:220 - loadIPPluginJar : add quadspi
2025-12-23 08:55:12,191 [INFO] IPUIPlugin:80 - create IPUIPlugin
2025-12-23 08:55:12,193 [INFO] PluginManager:220 - loadIPPluginJar : add radio
2025-12-23 08:55:12,199 [INFO] IPUIPlugin:80 - create IPUIPlugin
2025-12-23 08:55:12,199 [INFO] PluginManager:220 - loadIPPluginJar : add resmgrutility
2025-12-23 08:55:12,209 [INFO] IPUIPlugin:80 - create IPUIPlugin
2025-12-23 08:55:12,209 [INFO] PluginManager:220 - loadIPPluginJar : add sai
2025-12-23 08:55:12,215 [INFO] IPUIPlugin:80 - create IPUIPlugin
2025-12-23 08:55:12,216 [INFO] PluginManager:220 - loadIPPluginJar : add spi
2025-12-23 08:55:12,228 [INFO] IPUIPlugin:80 - create IPUIPlugin
2025-12-23 08:55:12,229 [INFO] PluginManager:220 - loadIPPluginJar : add stm32_wpan
2025-12-23 08:55:12,233 [INFO] IPUIPlugin:80 - create IPUIPlugin
2025-12-23 08:55:12,233 [INFO] PluginManager:220 - loadIPPluginJar : add tim
2025-12-23 08:55:12,240 [INFO] IPUIPlugin:80 - create IPUIPlugin
2025-12-23 08:55:12,241 [INFO] PluginManager:220 - loadIPPluginJar : add touchsensing
2025-12-23 08:55:12,247 [INFO] IPUIPlugin:80 - create IPUIPlugin
2025-12-23 08:55:12,248 [INFO] PluginManager:220 - loadIPPluginJar : add tracer_emb
2025-12-23 08:55:12,253 [INFO] IPUIPlugin:80 - create IPUIPlugin
2025-12-23 08:55:12,253 [INFO] PluginManager:220 - loadIPPluginJar : add ts
2025-12-23 08:55:12,259 [INFO] IPUIPlugin:80 - create IPUIPlugin
2025-12-23 08:55:12,259 [INFO] PluginManager:220 - loadIPPluginJar : add tsc
2025-12-23 08:55:12,265 [INFO] IPUIPlugin:80 - create IPUIPlugin
2025-12-23 08:55:12,265 [INFO] PluginManager:220 - loadIPPluginJar : add ucpd
2025-12-23 08:55:12,273 [INFO] IPUIPlugin:80 - create IPUIPlugin
2025-12-23 08:55:12,273 [INFO] PluginManager:220 - loadIPPluginJar : add usart
2025-12-23 08:55:12,282 [INFO] IPUIPlugin:80 - create IPUIPlugin
2025-12-23 08:55:12,282 [INFO] PluginManager:220 - loadIPPluginJar : add usbx
2025-12-23 08:55:12,454 [FATAL] Updater:351 - Updater called before beeing initialized
2025-12-23 08:55:12,493 [INFO] RulesReader:64 - Compatibility file has been processed (317 Rules)
2025-12-23 08:55:12,513 [INFO] RulesReader:64 - Compatibility file has been processed (317 Rules)
2025-12-23 08:55:12,532 [INFO] CADModel:165 - CPN selected for project level
2025-12-23 08:55:12,532 [INFO] CADModel:114 - Register for checkConnection events
2025-12-23 08:55:12,532 [FATAL] Updater:351 - Updater called before beeing initialized
2025-12-23 08:55:12,533 [ERROR] CADModel:125 - Updater not yet initialized, retry later 
2025-12-23 08:55:12,771 [FATAL] Updater:351 - Updater called before beeing initialized
2025-12-23 08:55:12,772 [INFO] CADModel:165 - CPN selected for project level
2025-12-23 08:55:12,773 [INFO] CADModel:114 - Register for checkConnection events
2025-12-23 08:55:12,773 [FATAL] Updater:351 - Updater called before beeing initialized
2025-12-23 08:55:12,773 [ERROR] CADModel:125 - Updater not yet initialized, retry later 
2025-12-23 08:55:12,775 [FATAL] Updater:351 - Updater called before beeing initialized
2025-12-23 08:55:12,934 [FATAL] Updater:351 - Updater called before beeing initialized
2025-12-23 08:55:12,937 [INFO] DbMcusAds:53 - JSON generation date=Tue Dec 16 04:41:46 IST 2025 (1765840306612)
2025-12-23 08:55:12,938 [FATAL] Updater:351 - Updater called before beeing initialized
2025-12-23 08:55:12,978 [WARN] DetailPanel:346 - Failed to get advertising image, set to default
2025-12-23 08:55:13,081 [FATAL] Updater:351 - Updater called before beeing initialized
2025-12-23 08:55:13,083 [FATAL] Updater:351 - Updater called before beeing initialized
2025-12-23 08:55:13,083 [FATAL] Updater:351 - Updater called before beeing initialized
2025-12-23 08:55:13,083 [WARN] DetailPanel:346 - Failed to get advertising image, set to default
2025-12-23 08:55:13,084 [FATAL] Updater:351 - Updater called before beeing initialized
2025-12-23 08:55:13,150 [ERROR] Updater:1198 - MainUpdater not yet initialized. External WinMGr cannot be set.
2025-12-23 08:55:13,152 [INFO] Updater:1134 - Updater Version found : 6.15.0
2025-12-23 08:55:13,175 [INFO] ApplicationProperties:184 - Using Application install path: C:\ST\STM32CubeIDE_1.19.0\STM32CubeIDE\plugins\com.st.stm32cube.common.mx_6.15.0.202507011659
2025-12-23 08:55:13,643 [INFO] ThirdPartyUpdaterWithRetryManager:70 - Updater plugin not ready yet. [2/15]
2025-12-23 08:55:14,751 [ERROR] LogOutputStream:75 - [STDERR_REDIRECT] Dec 23, 2025 8:55:14 AM java.util.prefs.WindowsPreferences <init>
2025-12-23 08:55:14,752 [ERROR] LogOutputStream:75 - [STDERR_REDIRECT] WARNING: Could not open/create prefs root node Software\JavaSoft\Prefs at root 0xffffffff80000002. Windows RegCreateKeyEx(...) returned error code 5.
2025-12-23 08:55:14,753 [ERROR] LogOutputStream:75 - [STDERR_REDIRECT] 
2025-12-23 08:55:15,740 [INFO] MainUpdater:2872 - connection check result : 10
2025-12-23 08:55:15,741 [INFO] MainUpdater:289 - Updater Check For Update Now.
2025-12-23 08:55:15,741 [INFO] MicroXplorer:498 - Change Database Version : DB.6.0.150
2025-12-23 08:55:15,748 [INFO] McuFinderGlobals:63 - Set McuFinder mode to 2 (CubeIDE integrated)
2025-12-23 08:55:15,749 [INFO] UserAuth:487 - Internet connection configuration mode: 1
2025-12-23 08:55:15,778 [INFO] JxBrowserEngine:152 - Initiate JxBrowser Engine with user profile folder
2025-12-23 08:55:15,966 [INFO] CheckServerUpdateThread:120 - End of CheckServer Thread
2025-12-23 08:55:16,977 [INFO] WebApp:169 - Instantiating new browser for Auth
2025-12-23 08:55:17,063 [WARN] PackLoader:240 - Cannot read IP mode file for STMicroelectronics.FP-SNS-MOTENVWB1.1.4.0
2025-12-23 08:55:17,085 [WARN] PackLoader:240 - Cannot read IP mode file for STMicroelectronics.FP-ATR-ASTRA1.2.0.2
2025-12-23 08:55:17,102 [WARN] PackLoader:240 - Cannot read IP mode file for STMicroelectronics.X-CUBE-SMBUS.2.1.0
2025-12-23 08:55:17,159 [WARN] PackLoader:240 - Cannot read IP mode file for STMicroelectronics.X-CUBE-AZRTOS-F7.1.1.0
2025-12-23 08:55:17,187 [WARN] PackLoader:240 - Cannot read IP mode file for STMicroelectronics.X-CUBE-DISPLAY.3.0.0
2025-12-23 08:55:17,218 [WARN] PackLoader:240 - Cannot read IP mode file for STMicroelectronics.X-CUBE-NFC10.1.0.0
2025-12-23 08:55:17,232 [WARN] PackLoader:240 - Cannot read IP mode file for STMicroelectronics.FP-SNS-SMARTAG2.1.2.0
2025-12-23 08:55:17,243 [WARN] PackLoader:240 - Cannot read IP mode file for STMicroelectronics.FP-SNS-FLIGHT1.5.1.0
2025-12-23 08:55:17,265 [INFO] LogOutputStream:77 - [STDOUT_REDIRECT] 1 : Invalid condition id : UX_CORESTACK_Condition cause : null
2025-12-23 08:55:17,266 [INFO] LogOutputStream:77 - [STDOUT_REDIRECT] 1 : Invalid condition id : UX_CORESTACK_Condition cause : null
2025-12-23 08:55:17,268 [INFO] LogOutputStream:77 - [STDOUT_REDIRECT] 1 : Invalid condition id : UX_CORESTACK_Condition cause : null
2025-12-23 08:55:17,271 [INFO] LogOutputStream:77 - [STDOUT_REDIRECT] 1 : Invalid condition id : UX_CORESTACK_Condition cause : null
2025-12-23 08:55:17,274 [INFO] LogOutputStream:77 - [STDOUT_REDIRECT] 1 : Invalid condition id : UX_CORESTACK_Condition cause : null
2025-12-23 08:55:17,280 [WARN] PackLoader:240 - Cannot read IP mode file for STMicroelectronics.X-CUBE-AZRTOS-WL.2.0.0
2025-12-23 08:55:17,293 [WARN] PackLoader:240 - Cannot read IP mode file for STMicroelectronics.X-CUBE-BLE2.3.3.0
2025-12-23 08:55:17,305 [WARN] PackLoader:240 - Cannot read IP mode file for STMicroelectronics.X-CUBE-NFC9.1.0.0
2025-12-23 08:55:17,317 [WARN] PackLoader:240 - Cannot read IP mode file for STMicroelectronics.X-CUBE-BLE1.7.1.0
2025-12-23 08:55:17,343 [WARN] PackLoader:240 - Cannot read IP mode file for STMicroelectronics.X-CUBE-AZRTOS-G0.1.1.0
2025-12-23 08:55:17,357 [WARN] PackLoader:240 - Cannot read IP mode file for STMicroelectronics.X-CUBE-NFC4.3.0.0
2025-12-23 08:55:17,371 [WARN] PackLoader:240 - Cannot read IP mode file for STMicroelectronics.X-CUBE-WB05N.2.0.0
2025-12-23 08:55:17,383 [WARN] PackLoader:240 - Cannot read IP mode file for STMicroelectronics.X-CUBE-TCPP.4.2.0
2025-12-23 08:55:17,393 [WARN] PackLoader:240 - Cannot read IP mode file for STMicroelectronics.FP-ATR-SIGFOX1.3.2.0
2025-12-23 08:55:17,406 [WARN] PackLoader:240 - Cannot read IP mode file for STMicroelectronics.X-CUBE-ALGOBUILD.1.4.0
2025-12-23 08:55:17,426 [WARN] PackLoader:240 - Cannot read IP mode file for STMicroelectronics.X-CUBE-PM33A1.1.0.0
2025-12-23 08:55:17,451 [WARN] PackLoader:240 - Cannot read IP mode file for STMicroelectronics.X-CUBE-AZRTOS-F4.1.1.0
2025-12-23 08:55:17,463 [WARN] PackLoader:240 - Cannot read IP mode file for STMicroelectronics.X-CUBE-ISPU.2.1.0
2025-12-23 08:55:17,490 [WARN] PackLoader:240 - Cannot read IP mode file for STMicroelectronics.X-CUBE-AZRTOS-L5.2.0.0
2025-12-23 08:55:17,507 [WARN] PackLoader:240 - Cannot read IP mode file for STMicroelectronics.X-CUBE-NFC6.3.1.0
2025-12-23 08:55:17,523 [WARN] PackLoader:240 - Cannot read IP mode file for STMicroelectronics.X-CUBE-DPower.1.3.0
2025-12-23 08:55:17,557 [WARN] ConditionMgr:438 - getConditionDescription Invalid condition id : LAN8742 Phy interface Condition cause : null
2025-12-23 08:55:17,574 [WARN] PackLoader:240 - Cannot read IP mode file for STMicroelectronics.X-CUBE-AZRTOS-L4.2.0.0
2025-12-23 08:55:17,576 [WARN] ConditionMgr:1044 - genDependencies : Invalid condition id : LAN8742 Phy interface Condition cause : null
2025-12-23 08:55:17,576 [WARN] ConditionMgr:1044 - genDependencies : Invalid condition id : LAN8742 Phy interface Condition cause : null
2025-12-23 08:55:17,578 [WARN] ConditionMgr:1044 - genDependencies : Invalid condition id : LAN8742 Phy interface Condition cause : null
2025-12-23 08:55:17,605 [WARN] PackLoader:240 - Cannot read IP mode file for STMicroelectronics.X-CUBE-SFXS2LP1.4.0.0
2025-12-23 08:55:17,633 [WARN] ConditionMgr:438 - getConditionDescription Invalid condition id : UX DEVICE CLASS RTOS Condition cause : null
2025-12-23 08:55:17,633 [WARN] ConditionMgr:438 - getConditionDescription Invalid condition id : UX DEVICE CLASS RTOS Condition cause : null
2025-12-23 08:55:17,637 [WARN] PackLoader:240 - Cannot read IP mode file for STMicroelectronics.X-CUBE-AZRTOS-WB.2.0.0
2025-12-23 08:55:17,638 [WARN] ConditionMgr:1044 - genDependencies : Invalid condition id : UX DEVICE CLASS RTOS Condition cause : null
2025-12-23 08:55:17,639 [WARN] ConditionMgr:1044 - genDependencies : Invalid condition id : UX DEVICE CLASS RTOS Condition cause : null
2025-12-23 08:55:17,639 [WARN] ConditionMgr:1044 - genDependencies : Invalid condition id : UX DEVICE CLASS RTOS Condition cause : null
2025-12-23 08:55:17,640 [WARN] ConditionMgr:1044 - genDependencies : Invalid condition id : UX DEVICE CLASS RTOS Condition cause : null
2025-12-23 08:55:17,640 [WARN] ConditionMgr:1044 - genDependencies : Invalid condition id : UX DEVICE CLASS RTOS Condition cause : null
2025-12-23 08:55:17,721 [WARN] PackLoader:240 - Cannot read IP mode file for STMicroelectronics.X-CUBE-SUBG2.5.0.0
2025-12-23 08:55:17,758 [WARN] PackLoader:240 - Cannot read IP mode file for STMicroelectronics.X-CUBE-AZRTOS-G4.2.0.0
2025-12-23 08:55:17,771 [WARN] PackLoader:240 - Cannot read IP mode file for STMicroelectronics.X-CUBE-NFC7.2.0.0
2025-12-23 08:55:17,787 [WARN] PackLoader:240 - Cannot read IP mode file for STMicroelectronics.X-CUBE-ALS.1.0.2
2025-12-23 08:55:17,805 [WARN] PackLoader:240 - Cannot read IP mode file for STMicroelectronics.X-CUBE-TOF1.3.4.3
2025-12-23 08:55:17,825 [INFO] ThirdParty:978 - Integrity check success = true
2025-12-23 08:55:17,825 [INFO] IntegrityCheckThread:100 - exiting critical section [integrity check]
2025-12-23 08:55:17,825 [INFO] IntegrityCheckThread:103 - End integrity checks thread
2025-12-23 08:55:18,877 [INFO] WebApp:463 - Apply proxy settings
2025-12-23 08:55:18,878 [INFO] WebApp:548 - Chromium requires no authentication
2025-12-23 08:55:18,887 [INFO] WebApp:491 - Direct internet connection detected
2025-12-23 08:55:18,907 [INFO] WebApp:900 - Register for checkConnection events
2025-12-23 08:55:18,907 [INFO] WebApp:463 - Apply proxy settings
2025-12-23 08:55:18,907 [INFO] WebApp:548 - Chromium requires no authentication
2025-12-23 08:55:18,908 [INFO] WebApp:491 - Direct internet connection detected
2025-12-23 08:55:19,065 [INFO] WebApp:225 - Starting web application
2025-12-23 08:55:19,065 [INFO] WebApp:593 - Web application path used C:\ST\STM32CubeIDE_1.19.0\STM32CubeIDE\plugins\com.st.stm32cube.common.mx_6.15.0.202507011659\db\plugins\mcufinder\reactClient1\index.html
2025-12-23 08:55:19,148 [INFO] UserAuth:487 - Internet connection configuration mode: 1
2025-12-23 08:55:20,710 [INFO] WebApp:191 - Connection restablished
2025-12-23 09:23:30,294 [INFO] WebApp:194 - Connection lost
2025-12-23 09:23:30,613 [INFO] WebApp:191 - Connection restablished
2025-12-23 10:02:05,302 [INFO] WebApp:194 - Connection lost
2025-12-23 10:02:05,721 [INFO] WebApp:191 - Connection restablished
2025-12-23 10:04:32,671 [INFO] WebApp:194 - Connection lost
2025-12-23 10:04:32,954 [INFO] WebApp:191 - Connection restablished
2025-12-23 10:09:04,363 [INFO] McuFinderGlobals:63 - Set McuFinder mode to 2 (CubeIDE integrated)
2025-12-23 10:09:04,364 [INFO] UserAuth:487 - Internet connection configuration mode: 1
2025-12-23 10:26:54,187 [INFO] WebApp:194 - Connection lost
2025-12-23 10:26:54,496 [INFO] WebApp:191 - Connection restablished
2025-12-23 10:27:24,668 [INFO] WebApp:194 - Connection lost
2025-12-23 10:27:24,950 [INFO] WebApp:191 - Connection restablished
2025-12-23 10:36:37,287 [ERROR] LogOutputStream:75 - [STDERR_REDIRECT] 
