10:15:59 **** Incremental Build of configuration Debug for project DHT11_LCD ****
make -j16 all 
arm-none-eabi-gcc "../Core/Src/dht11.c" -mcpu=cortex-m4 -std=gnu11 -g3 -DDEBUG -DUSE_HAL_DRIVER -DSTM32F407xx -c -I../Core/Inc -I../Drivers/STM32F4xx_HAL_Driver/Inc -I../Drivers/STM32F4xx_HAL_Driver/Inc/Legacy -I../Drivers/CMSIS/Device/ST/STM32F4xx/Include -I../Drivers/CMSIS/Include -O0 -ffunction-sections -fdata-sections -Wall -fstack-usage -fcyclomatic-complexity -MMD -MP -MF"Core/Src/dht11.d" -MT"Core/Src/dht11.o" --specs=nano.specs -mfpu=fpv4-sp-d16 -mfloat-abi=hard -mthumb -o "Core/Src/dht11.o"
arm-none-eabi-gcc -o "DHT11_LCD.elf" @"objects.list"   -mcpu=cortex-m4 -T"C:\Users\aditi\OneDrive\Desktop\Sunbeam_Internship\ARM_94076_Aditi\Smart_Env_Monitor\DHT11_LCD\STM32F407VGTX_FLASH.ld" --specs=nosys.specs -Wl,-Map="DHT11_LCD.map" -Wl,--gc-sections -static --specs=nano.specs -mfpu=fpv4-sp-d16 -mfloat-abi=hard -mthumb -Wl,--start-group -lc -lm -Wl,--end-group
Finished building target: DHT11_LCD.elf
 
arm-none-eabi-size  DHT11_LCD.elf 
arm-none-eabi-objdump -h -S DHT11_LCD.elf  > "DHT11_LCD.list"
   text	   data	    bss	    dec	    hex	filename
   6788	     92	   1924	   8804	   2264	DHT11_LCD.elf
Finished building: default.size.stdout
 
Finished building: DHT11_LCD.list
 

10:16:00 Build Finished. 0 errors, 0 warnings. (took 1s.259ms)

