12:14:25 **** Incremental Build of configuration Debug for project code4_Numeric Counter Display ****
make -j16 all 
arm-none-eabi-gcc "../Core/Src/main.c" -mcpu=cortex-m4 -std=gnu11 -g3 -DDEBUG -DUSE_HAL_DRIVER -DSTM32F407xx -c -I../Core/Inc -I../Drivers/STM32F4xx_HAL_Driver/Inc -I../Drivers/STM32F4xx_HAL_Driver/Inc/Legacy -I../Drivers/CMSIS/Device/ST/STM32F4xx/Include -I../Drivers/CMSIS/Include -O0 -ffunction-sections -fdata-sections -Wall -fstack-usage -fcyclomatic-complexity -MMD -MP -MF"Core/Src/main.d" -MT"Core/Src/main.o" --specs=nano.specs -mfpu=fpv4-sp-d16 -mfloat-abi=soft -mthumb -o "Core/Src/main.o"
../Core/Src/main.c: In function 'main':
../Core/Src/main.c:109:19: warning: implicit declaration of function 'lcd16x2_i2c_setCursor' [-Wimplicit-function-declaration]
  109 |                   lcd16x2_i2c_setCursor(1, 0);
      |                   ^~~~~~~~~~~~~~~~~~~~~
../Core/Src/main.c:110:15: warning: implicit declaration of function 'lcd16x2_i2c_printnum' [-Wimplicit-function-declaration]
  110 |               lcd16x2_i2c_printnum(i);
      |               ^~~~~~~~~~~~~~~~~~~~
arm-none-eabi-gcc -o "code4_Numeric Counter Display.elf" @"objects.list"   -mcpu=cortex-m4 -T"C:\Users\aditi\OneDrive\Desktop\Sunbeam_Internship\ARM_94076_Aditi\assignment_7\code4_Numeric Counter Display\STM32F407VGTX_FLASH.ld" --specs=nosys.specs -Wl,-Map="code4_Numeric Counter Display.map" -Wl,--gc-sections -static --specs=nano.specs -mfpu=fpv4-sp-d16 -mfloat-abi=soft -mthumb -Wl,--start-group -lc -lm -Wl,--end-group
Finished building target: code4_Numeric Counter Display.elf
 
arm-none-eabi-size  code4_Numeric\ Counter\ Display.elf 
arm-none-eabi-objdump -h -S code4_Numeric\ Counter\ Display.elf  > "code4_Numeric Counter Display.list"
   text	   data	    bss	    dec	    hex	filename
   8992	     12	   1660	  10664	   29a8	code4_Numeric Counter Display.elf
Finished building: default.size.stdout
 
Finished building: code4_Numeric Counter Display.list
 
12:14:45 **** Incremental Build of configuration Debug for project code4_Numeric Counter Display ****
make -j16 all 
arm-none-eabi-gcc "../Core/Src/main.c" -mcpu=cortex-m4 -std=gnu11 -g3 -DDEBUG -DUSE_HAL_DRIVER -DSTM32F407xx -c -I../Core/Inc -I../Drivers/STM32F4xx_HAL_Driver/Inc -I../Drivers/STM32F4xx_HAL_Driver/Inc/Legacy -I../Drivers/CMSIS/Device/ST/STM32F4xx/Include -I../Drivers/CMSIS/Include -O0 -ffunction-sections -fdata-sections -Wall -fstack-usage -fcyclomatic-complexity -MMD -MP -MF"Core/Src/main.d" -MT"Core/Src/main.o" --specs=nano.specs -mfpu=fpv4-sp-d16 -mfloat-abi=soft -mthumb -o "Core/Src/main.o"
../Core/Src/main.c: In function 'main':
../Core/Src/main.c:109:19: warning: implicit declaration of function 'lcd16x2_i2c_setCursor' [-Wimplicit-function-declaration]
  109 |                   lcd16x2_i2c_setCursor(1, 0);
      |                   ^~~~~~~~~~~~~~~~~~~~~
../Core/Src/main.c:110:15: warning: implicit declaration of function 'lcd16x2_i2c_printnum' [-Wimplicit-function-declaration]
  110 |               lcd16x2_i2c_printnum(i);
      |               ^~~~~~~~~~~~~~~~~~~~
arm-none-eabi-gcc -o "code4_Numeric Counter Display.elf" @"objects.list"   -mcpu=cortex-m4 -T"C:\Users\aditi\OneDrive\Desktop\Sunbeam_Internship\ARM_94076_Aditi\assignment_7\code4_Numeric Counter Display\STM32F407VGTX_FLASH.ld" --specs=nosys.specs -Wl,-Map="code4_Numeric Counter Display.map" -Wl,--gc-sections -static --specs=nano.specs -mfpu=fpv4-sp-d16 -mfloat-abi=soft -mthumb -Wl,--start-group -lc -lm -Wl,--end-group
Finished building target: code4_Numeric Counter Display.elf
 
arm-none-eabi-size  code4_Numeric\ Counter\ Display.elf 
arm-none-eabi-objdump -h -S code4_Numeric\ Counter\ Display.elf  > "code4_Numeric Counter Display.list"
   text	   data	    bss	    dec	    hex	filename
   9060	     12	   1660	  10732	   29ec	code4_Numeric Counter Display.elf
Finished building: default.size.stdout
 
Finished building: code4_Numeric Counter Display.list
 
