2025-12-25 08:44:21,257 [INFO] Activator:176 - 


2025-12-25 08:44:21,262 [INFO] Activator:177 - !SESSION log4j initialized
2025-12-25 08:44:28,751 [INFO] LogOutputStream:77 - [STDOUT_REDIRECT] 
2025-12-25 08:44:32,016 [INFO] ApplicationProperties:184 - Using Application install path: C:\ST\STM32CubeIDE_1.19.0\STM32CubeIDE\plugins\com.st.stm32cube.common.mx_6.15.0.202507011659
2025-12-25 08:44:32,098 [INFO] DbMcusXml:78 - Set database path to: C:\ST\STM32CubeIDE_1.19.0\STM32CubeIDE\plugins\com.st.stm32cube.common.mx_6.15.0.202507011659\\db\/mcu/
2025-12-25 08:44:32,098 [INFO] ApiDb:274 - Set plugin database path to: C:\ST\STM32CubeIDE_1.19.0\STM32CubeIDE\plugins\com.st.stm32cube.common.mx_6.15.0.202507011659\\db\/plugins/boardmanager/
2025-12-25 08:44:32,100 [WARN] ApiDb:259 - Overriding images path with different value:  => C:\ST\STM32CubeIDE_1.19.0\STM32CubeIDE\plugins\com.st.stm32cube.common.mx_6.15.0.202507011659\\db\/plugins/mcufinder/images/
2025-12-25 08:44:32,138 [INFO] ApiDb:250 - Set database path to: C:\Users\aditi\.stmcufinder\plugins\mcufinder//mcu/
2025-12-25 08:44:32,144 [INFO] DbMcusAds:125 - Set database path to: C:\Users\aditi\.stmcufinder\plugins\mcufinder//mcu/
2025-12-25 08:44:32,158 [INFO] CrossReferenceDbSqlite:203 - Set database path to: C:\Users\aditi\.stmcufinder\plugins\mcufinder//mcu/cs/
2025-12-25 08:44:32,753 [INFO] RulesReader:64 - Compatibility file has been processed (317 Rules)
2025-12-25 08:44:33,108 [INFO] DbMcusXml:78 - Set database path to: C:\ST\STM32CubeIDE_1.19.0\STM32CubeIDE\plugins\com.st.stm32cube.common.mx_6.15.0.202507011659\\db\/mcu/
2025-12-25 08:44:33,108 [INFO] ApiDb:274 - Set plugin database path to: C:\ST\STM32CubeIDE_1.19.0\STM32CubeIDE\plugins\com.st.stm32cube.common.mx_6.15.0.202507011659\\db\/plugins/boardmanager/
2025-12-25 08:44:33,109 [INFO] ApiDb:261 - Set plugin images path to: C:\ST\STM32CubeIDE_1.19.0\STM32CubeIDE\plugins\com.st.stm32cube.common.mx_6.15.0.202507011659\\db\/plugins/mcufinder/images/
2025-12-25 08:44:33,109 [WARN] DbFile:41 - Overriding database path with different value: C:\Users\aditi\.stmcufinder\plugins\mcufinder/ => C:\Users\aditi\.stmcufinder\plugins\mcufinder
2025-12-25 08:44:33,110 [INFO] ApiDb:250 - Set database path to: C:\Users\aditi\.stmcufinder\plugins\mcufinder//mcu/
2025-12-25 08:44:33,110 [WARN] DbFile:41 - Overriding database path with different value: C:\Users\aditi\.stmcufinder\plugins\mcufinder/ => C:\Users\aditi\.stmcufinder\plugins\mcufinder
2025-12-25 08:44:33,110 [INFO] DbMcusAds:125 - Set database path to: C:\Users\aditi\.stmcufinder\plugins\mcufinder//mcu/
2025-12-25 08:44:33,111 [WARN] DbFile:41 - Overriding database path with different value: C:\Users\aditi\.stmcufinder\plugins\mcufinder/ => C:\Users\aditi\.stmcufinder\plugins\mcufinder
2025-12-25 08:44:33,111 [WARN] DbFile:41 - Overriding database path with different value: C:\Users\aditi\.stmcufinder\plugins\mcufinder/ => C:\Users\aditi\.stmcufinder\plugins\mcufinder
2025-12-25 08:44:33,111 [INFO] CrossReferenceDbSqlite:203 - Set database path to: C:\Users\aditi\.stmcufinder\plugins\mcufinder//mcu/cs/
2025-12-25 08:44:33,394 [INFO] MainPanel:274 - HeapMemory: 268435456
2025-12-25 08:44:33,679 [INFO] DbMcusXml:78 - Set database path to: C:\ST\STM32CubeIDE_1.19.0\STM32CubeIDE\plugins\com.st.stm32cube.common.mx_6.15.0.202507011659\\db\/mcu/
2025-12-25 08:44:33,679 [INFO] ApiDb:274 - Set plugin database path to: C:\ST\STM32CubeIDE_1.19.0\STM32CubeIDE\plugins\com.st.stm32cube.common.mx_6.15.0.202507011659\\db\/plugins/boardmanager/
2025-12-25 08:44:33,679 [INFO] ApiDb:261 - Set plugin images path to: C:\ST\STM32CubeIDE_1.19.0\STM32CubeIDE\plugins\com.st.stm32cube.common.mx_6.15.0.202507011659\\db\/plugins/mcufinder/images/
2025-12-25 08:44:33,682 [WARN] DbFile:41 - Overriding database path with different value: C:\Users\aditi\.stmcufinder\plugins\mcufinder/ => C:\Users\aditi\.stmcufinder\plugins\mcufinder
2025-12-25 08:44:33,682 [INFO] ApiDb:250 - Set database path to: C:\Users\aditi\.stmcufinder\plugins\mcufinder//mcu/
2025-12-25 08:44:33,682 [WARN] DbFile:41 - Overriding database path with different value: C:\Users\aditi\.stmcufinder\plugins\mcufinder/ => C:\Users\aditi\.stmcufinder\plugins\mcufinder
2025-12-25 08:44:33,682 [INFO] DbMcusAds:125 - Set database path to: C:\Users\aditi\.stmcufinder\plugins\mcufinder//mcu/
2025-12-25 08:44:33,682 [WARN] DbFile:41 - Overriding database path with different value: C:\Users\aditi\.stmcufinder\plugins\mcufinder/ => C:\Users\aditi\.stmcufinder\plugins\mcufinder
2025-12-25 08:44:33,682 [WARN] DbFile:41 - Overriding database path with different value: C:\Users\aditi\.stmcufinder\plugins\mcufinder/ => C:\Users\aditi\.stmcufinder\plugins\mcufinder
2025-12-25 08:44:33,682 [INFO] CrossReferenceDbSqlite:203 - Set database path to: C:\Users\aditi\.stmcufinder\plugins\mcufinder//mcu/cs/
2025-12-25 08:44:33,729 [INFO] ApplicationProperties:184 - Using Application install path: C:\ST\STM32CubeIDE_1.19.0\STM32CubeIDE\plugins\com.st.stm32cube.common.mx_6.15.0.202507011659
2025-12-25 08:44:33,731 [INFO] PluginManage:196 - Search for loadable plugins [exclusion list=, ]
2025-12-25 08:44:33,734 [INFO] PluginManage:310 - Check plugin analytics
2025-12-25 08:44:34,650 [INFO] AnalyticsPlugin:253 - Accepted Software Licenses: 
2025-12-25 08:44:34,651 [INFO] AnalyticsPlugin:255 - Accepted CMSIS Pack Licenses: 
2025-12-25 08:44:34,651 [INFO] AnalyticsPlugin:257 - Accepted Firmware Licenses: FW.F4.1.28.0
2025-12-25 08:44:34,662 [INFO] PluginManage:359 - Loaded plugin analytics (category:tool,tabindex:-1)
2025-12-25 08:44:34,662 [INFO] PluginManage:310 - Check plugin cadmodel
2025-12-25 08:44:34,682 [INFO] CADModel:105 - Init CAD model plugin
2025-12-25 08:44:34,682 [INFO] PluginManage:359 - Loaded plugin cadmodel (category:power,tabindex:5)
2025-12-25 08:44:34,683 [INFO] PluginManage:310 - Check plugin clock
2025-12-25 08:44:34,717 [INFO] PluginManage:359 - Loaded plugin clock (category:base,tabindex:2)
2025-12-25 08:44:34,718 [INFO] PluginManage:310 - Check plugin ddr
2025-12-25 08:44:34,728 [INFO] PluginManage:359 - Loaded plugin ddr (category:tool,tabindex:6)
2025-12-25 08:44:34,729 [INFO] PluginManage:310 - Check plugin filemanager
2025-12-25 08:44:35,307 [INFO] PluginManage:359 - Loaded plugin filemanager (category:base,tabindex:10)
2025-12-25 08:44:35,307 [INFO] PluginManage:310 - Check plugin ipmanager
2025-12-25 08:44:35,330 [INFO] PluginManage:359 - Loaded plugin ipmanager (category:base,tabindex:5)
2025-12-25 08:44:35,331 [INFO] PluginManage:310 - Check plugin lpbam
2025-12-25 08:44:35,361 [INFO] PluginManage:359 - Loaded plugin lpbam (category:base,tabindex:0)
2025-12-25 08:44:35,366 [INFO] PluginManage:310 - Check plugin memorymap
2025-12-25 08:44:35,460 [INFO] PluginManage:359 - Loaded plugin memorymap (category:base,tabindex:4)
2025-12-25 08:44:35,461 [INFO] PluginManage:310 - Check plugin pinoutandconfiguration
2025-12-25 08:44:35,499 [INFO] PluginManage:359 - Loaded plugin pinoutandconfiguration (category:base,tabindex:1)
2025-12-25 08:44:35,499 [INFO] PluginManage:310 - Check plugin pinoutconfig
2025-12-25 08:44:35,874 [WARN] SupportedApi:132 - Cannot load RTOS API schema: s4s-elt-must-match.1: The content of 'definitions' must match (annotation?, (simpleType | complexType)?, (unique | key | keyref)*)). A problem was found starting at: attribute.
2025-12-25 08:44:36,536 [INFO] PluginManage:359 - Loaded plugin pinoutconfig (category:base,tabindex:0)
2025-12-25 08:44:36,536 [INFO] PluginManage:310 - Check plugin power
2025-12-25 08:44:36,560 [INFO] PluginManage:359 - Loaded plugin power (category:power,tabindex:4)
2025-12-25 08:44:36,560 [INFO] PluginManage:310 - Check plugin projectmanager
2025-12-25 08:44:36,609 [INFO] PluginManage:359 - Loaded plugin projectmanager (category:projectmanager,tabindex:4)
2025-12-25 08:44:36,609 [INFO] PluginManage:310 - Check plugin rif
2025-12-25 08:44:36,636 [INFO] PluginManage:359 - Loaded plugin rif (category:base,tabindex:3)
2025-12-25 08:44:36,636 [INFO] PluginManage:310 - Check plugin thirdparty
2025-12-25 08:44:36,925 [WARN] IntegrityCheckThread:84 - waiting for thirdparty lock release [integrity check]
2025-12-25 08:44:36,925 [INFO] PluginManage:359 - Loaded plugin thirdparty (category:base,tabindex:-1)
2025-12-25 08:44:36,925 [INFO] IntegrityCheckThread:86 - entering critical section [integrity check]
2025-12-25 08:44:36,926 [INFO] PluginManage:310 - Check plugin tools
2025-12-25 08:44:36,926 [INFO] ThirdPartyUpdaterWithRetryManager:70 - Updater plugin not ready yet. [1/15]
2025-12-25 08:44:36,929 [INFO] PluginManage:359 - Loaded plugin tools (category:base,tabindex:7)
2025-12-25 08:44:36,930 [INFO] PluginManage:310 - Check plugin tutovideos
2025-12-25 08:44:37,294 [INFO] PluginManage:359 - Loaded plugin tutovideos (category:base,tabindex:-1)
2025-12-25 08:44:37,294 [INFO] PluginManage:310 - Check plugin updater
2025-12-25 08:44:37,332 [INFO] PluginManage:359 - Loaded plugin updater (category:base,tabindex:12)
2025-12-25 08:44:37,332 [INFO] PluginManage:310 - Check plugin userauth
2025-12-25 08:44:37,340 [INFO] UserAuth:118 - Init User Auth plugin
2025-12-25 08:44:37,341 [INFO] PluginManage:359 - Loaded plugin userauth (category:base,tabindex:14)
2025-12-25 08:44:37,342 [INFO] PluginManage:283 - PluginManage : Loaded plugins [18]
2025-12-25 08:44:37,640 [INFO] PinOutPanel:1589 - setPackage(No Configuration,No Configuration)
2025-12-25 08:44:37,753 [INFO] CADModel:165 - CPN selected for project level
2025-12-25 08:44:37,754 [INFO] CADModel:114 - Register for checkConnection events
2025-12-25 08:44:37,781 [INFO] IPUIPlugin:80 - create IPUIPlugin
2025-12-25 08:44:37,781 [INFO] PluginManager:220 - loadIPPluginJar : add adc
2025-12-25 08:44:37,785 [INFO] IPUIPlugin:80 - create IPUIPlugin
2025-12-25 08:44:37,785 [INFO] PluginManager:220 - loadIPPluginJar : add aes
2025-12-25 08:44:37,790 [INFO] IPUIPlugin:80 - create IPUIPlugin
2025-12-25 08:44:37,790 [INFO] PluginManager:220 - loadIPPluginJar : add can
2025-12-25 08:44:37,795 [INFO] IPUIPlugin:80 - create IPUIPlugin
2025-12-25 08:44:37,795 [INFO] PluginManager:220 - loadIPPluginJar : add comp
2025-12-25 08:44:37,798 [INFO] IPUIPlugin:80 - create IPUIPlugin
2025-12-25 08:44:37,799 [INFO] PluginManager:220 - loadIPPluginJar : add cryp
2025-12-25 08:44:37,804 [INFO] IPUIPlugin:80 - create IPUIPlugin
2025-12-25 08:44:37,804 [INFO] PluginManager:220 - loadIPPluginJar : add ddr_ctrl_phy
2025-12-25 08:44:37,808 [INFO] IPUIPlugin:80 - create IPUIPlugin
2025-12-25 08:44:37,808 [INFO] PluginManager:220 - loadIPPluginJar : add dfsdm
2025-12-25 08:44:37,815 [INFO] IPUIPlugin:80 - create IPUIPlugin
2025-12-25 08:44:37,815 [INFO] PluginManager:220 - loadIPPluginJar : add dma
2025-12-25 08:44:37,819 [INFO] IPUIPlugin:80 - create IPUIPlugin
2025-12-25 08:44:37,820 [INFO] PluginManager:220 - loadIPPluginJar : add dma3
2025-12-25 08:44:37,825 [INFO] IPUIPlugin:80 - create IPUIPlugin
2025-12-25 08:44:37,825 [INFO] PluginManager:220 - loadIPPluginJar : add extmemmanager
2025-12-25 08:44:37,827 [INFO] IPUIPlugin:80 - create IPUIPlugin
2025-12-25 08:44:37,828 [INFO] PluginManager:220 - loadIPPluginJar : add fatfs
2025-12-25 08:44:37,833 [INFO] IPUIPlugin:80 - create IPUIPlugin
2025-12-25 08:44:37,834 [INFO] PluginManager:220 - loadIPPluginJar : add fmc
2025-12-25 08:44:37,843 [INFO] IPUIPlugin:80 - create IPUIPlugin
2025-12-25 08:44:37,843 [INFO] PluginManager:220 - loadIPPluginJar : add freertos
2025-12-25 08:44:37,845 [INFO] IPUIPlugin:80 - create IPUIPlugin
2025-12-25 08:44:37,845 [INFO] PluginManager:220 - loadIPPluginJar : add genericplugin
2025-12-25 08:44:37,849 [INFO] IPUIPlugin:80 - create IPUIPlugin
2025-12-25 08:44:37,849 [INFO] PluginManager:220 - loadIPPluginJar : add gfxmmu
2025-12-25 08:44:37,856 [INFO] IPUIPlugin:80 - create IPUIPlugin
2025-12-25 08:44:37,856 [INFO] PluginManager:220 - loadIPPluginJar : add gic
2025-12-25 08:44:37,862 [INFO] IPUIPlugin:80 - create IPUIPlugin
2025-12-25 08:44:37,862 [INFO] PluginManager:220 - loadIPPluginJar : add gpio
2025-12-25 08:44:37,866 [INFO] IPUIPlugin:80 - create IPUIPlugin
2025-12-25 08:44:37,866 [INFO] PluginManager:220 - loadIPPluginJar : add gtzc
2025-12-25 08:44:37,870 [INFO] IPUIPlugin:80 - create IPUIPlugin
2025-12-25 08:44:37,870 [INFO] PluginManager:220 - loadIPPluginJar : add hash
2025-12-25 08:44:37,874 [INFO] IPUIPlugin:80 - create IPUIPlugin
2025-12-25 08:44:37,874 [INFO] PluginManager:220 - loadIPPluginJar : add i2c
2025-12-25 08:44:37,877 [INFO] IPUIPlugin:80 - create IPUIPlugin
2025-12-25 08:44:37,878 [INFO] PluginManager:220 - loadIPPluginJar : add i2s
2025-12-25 08:44:37,881 [INFO] IPUIPlugin:80 - create IPUIPlugin
2025-12-25 08:44:37,882 [INFO] PluginManager:220 - loadIPPluginJar : add i3c
2025-12-25 08:44:37,886 [INFO] IPUIPlugin:80 - create IPUIPlugin
2025-12-25 08:44:37,886 [INFO] PluginManager:220 - loadIPPluginJar : add ipddr
2025-12-25 08:44:37,893 [INFO] IPUIPlugin:80 - create IPUIPlugin
2025-12-25 08:44:37,895 [INFO] PluginManager:220 - loadIPPluginJar : add linkedlist
2025-12-25 08:44:37,899 [INFO] IPUIPlugin:80 - create IPUIPlugin
2025-12-25 08:44:37,899 [INFO] PluginManager:220 - loadIPPluginJar : add lorawan
2025-12-25 08:44:37,903 [INFO] IPUIPlugin:80 - create IPUIPlugin
2025-12-25 08:44:37,903 [INFO] PluginManager:220 - loadIPPluginJar : add ltdc
2025-12-25 08:44:37,909 [INFO] IPUIPlugin:80 - create IPUIPlugin
2025-12-25 08:44:37,910 [INFO] PluginManager:220 - loadIPPluginJar : add mdma
2025-12-25 08:44:37,914 [INFO] IPUIPlugin:80 - create IPUIPlugin
2025-12-25 08:44:37,914 [INFO] PluginManager:220 - loadIPPluginJar : add nvic
2025-12-25 08:44:37,919 [INFO] IPUIPlugin:80 - create IPUIPlugin
2025-12-25 08:44:37,919 [INFO] PluginManager:220 - loadIPPluginJar : add opamp
2025-12-25 08:44:37,925 [INFO] IPUIPlugin:80 - create IPUIPlugin
2025-12-25 08:44:37,925 [INFO] PluginManager:220 - loadIPPluginJar : add openamp
2025-12-25 08:44:37,932 [INFO] IPUIPlugin:80 - create IPUIPlugin
2025-12-25 08:44:37,932 [INFO] PluginManager:220 - loadIPPluginJar : add pdm2pcm
2025-12-25 08:44:37,939 [INFO] IPUIPlugin:80 - create IPUIPlugin
2025-12-25 08:44:37,941 [INFO] PluginManager:220 - loadIPPluginJar : add plateformsettings
2025-12-25 08:44:37,944 [INFO] IPUIPlugin:80 - create IPUIPlugin
2025-12-25 08:44:37,944 [INFO] PluginManager:220 - loadIPPluginJar : add quadspi
2025-12-25 08:44:37,947 [INFO] IPUIPlugin:80 - create IPUIPlugin
2025-12-25 08:44:37,948 [INFO] PluginManager:220 - loadIPPluginJar : add radio
2025-12-25 08:44:37,955 [INFO] IPUIPlugin:80 - create IPUIPlugin
2025-12-25 08:44:37,955 [INFO] PluginManager:220 - loadIPPluginJar : add resmgrutility
2025-12-25 08:44:37,959 [INFO] IPUIPlugin:80 - create IPUIPlugin
2025-12-25 08:44:37,960 [INFO] PluginManager:220 - loadIPPluginJar : add sai
2025-12-25 08:44:37,964 [INFO] IPUIPlugin:80 - create IPUIPlugin
2025-12-25 08:44:37,964 [INFO] PluginManager:220 - loadIPPluginJar : add spi
2025-12-25 08:44:37,970 [INFO] IPUIPlugin:80 - create IPUIPlugin
2025-12-25 08:44:37,971 [INFO] PluginManager:220 - loadIPPluginJar : add stm32_wpan
2025-12-25 08:44:37,973 [INFO] IPUIPlugin:80 - create IPUIPlugin
2025-12-25 08:44:37,973 [INFO] PluginManager:220 - loadIPPluginJar : add tim
2025-12-25 08:44:37,978 [INFO] IPUIPlugin:80 - create IPUIPlugin
2025-12-25 08:44:37,978 [INFO] PluginManager:220 - loadIPPluginJar : add touchsensing
2025-12-25 08:44:37,983 [INFO] IPUIPlugin:80 - create IPUIPlugin
2025-12-25 08:44:37,983 [INFO] PluginManager:220 - loadIPPluginJar : add tracer_emb
2025-12-25 08:44:37,986 [INFO] IPUIPlugin:80 - create IPUIPlugin
2025-12-25 08:44:37,986 [INFO] PluginManager:220 - loadIPPluginJar : add ts
2025-12-25 08:44:37,989 [INFO] IPUIPlugin:80 - create IPUIPlugin
2025-12-25 08:44:37,989 [INFO] PluginManager:220 - loadIPPluginJar : add tsc
2025-12-25 08:44:37,992 [INFO] IPUIPlugin:80 - create IPUIPlugin
2025-12-25 08:44:37,992 [INFO] PluginManager:220 - loadIPPluginJar : add ucpd
2025-12-25 08:44:37,996 [INFO] IPUIPlugin:80 - create IPUIPlugin
2025-12-25 08:44:37,996 [INFO] PluginManager:220 - loadIPPluginJar : add usart
2025-12-25 08:44:38,001 [INFO] IPUIPlugin:80 - create IPUIPlugin
2025-12-25 08:44:38,001 [INFO] PluginManager:220 - loadIPPluginJar : add usbx
2025-12-25 08:44:38,139 [FATAL] Updater:351 - Updater called before beeing initialized
2025-12-25 08:44:38,181 [INFO] RulesReader:64 - Compatibility file has been processed (317 Rules)
2025-12-25 08:44:38,196 [INFO] RulesReader:64 - Compatibility file has been processed (317 Rules)
2025-12-25 08:44:38,222 [INFO] CADModel:165 - CPN selected for project level
2025-12-25 08:44:38,222 [INFO] CADModel:114 - Register for checkConnection events
2025-12-25 08:44:38,222 [FATAL] Updater:351 - Updater called before beeing initialized
2025-12-25 08:44:38,222 [ERROR] CADModel:125 - Updater not yet initialized, retry later 
2025-12-25 08:44:38,400 [FATAL] Updater:351 - Updater called before beeing initialized
2025-12-25 08:44:38,403 [INFO] CADModel:165 - CPN selected for project level
2025-12-25 08:44:38,403 [INFO] CADModel:114 - Register for checkConnection events
2025-12-25 08:44:38,403 [FATAL] Updater:351 - Updater called before beeing initialized
2025-12-25 08:44:38,403 [ERROR] CADModel:125 - Updater not yet initialized, retry later 
2025-12-25 08:44:38,407 [FATAL] Updater:351 - Updater called before beeing initialized
2025-12-25 08:44:38,568 [FATAL] Updater:351 - Updater called before beeing initialized
2025-12-25 08:44:38,571 [INFO] DbMcusAds:53 - JSON generation date=Tue Dec 16 04:41:46 IST 2025 (1765840306612)
2025-12-25 08:44:38,572 [FATAL] Updater:351 - Updater called before beeing initialized
2025-12-25 08:44:38,615 [WARN] DetailPanel:346 - Failed to get advertising image, set to default
2025-12-25 08:44:38,690 [FATAL] Updater:351 - Updater called before beeing initialized
2025-12-25 08:44:38,691 [FATAL] Updater:351 - Updater called before beeing initialized
2025-12-25 08:44:38,691 [FATAL] Updater:351 - Updater called before beeing initialized
2025-12-25 08:44:38,691 [WARN] DetailPanel:346 - Failed to get advertising image, set to default
2025-12-25 08:44:38,694 [FATAL] Updater:351 - Updater called before beeing initialized
2025-12-25 08:44:38,754 [ERROR] Updater:1198 - MainUpdater not yet initialized. External WinMGr cannot be set.
2025-12-25 08:44:38,756 [INFO] Updater:1134 - Updater Version found : 6.15.0
2025-12-25 08:44:38,777 [INFO] ApplicationProperties:184 - Using Application install path: C:\ST\STM32CubeIDE_1.19.0\STM32CubeIDE\plugins\com.st.stm32cube.common.mx_6.15.0.202507011659
2025-12-25 08:44:39,928 [INFO] ThirdPartyUpdaterWithRetryManager:70 - Updater plugin not ready yet. [2/15]
2025-12-25 08:44:40,363 [ERROR] LogOutputStream:75 - [STDERR_REDIRECT] Dec 25, 2025 8:44:40 AM java.util.prefs.WindowsPreferences <init>
2025-12-25 08:44:40,364 [ERROR] LogOutputStream:75 - [STDERR_REDIRECT] WARNING: Could not open/create prefs root node Software\JavaSoft\Prefs at root 0xffffffff80000002. Windows RegCreateKeyEx(...) returned error code 5.
2025-12-25 08:44:40,364 [ERROR] LogOutputStream:75 - [STDERR_REDIRECT] 
2025-12-25 08:44:41,142 [INFO] MainUpdater:2872 - connection check result : 10
2025-12-25 08:44:41,145 [INFO] MainUpdater:289 - Updater Check For Update Now.
2025-12-25 08:44:41,145 [INFO] MicroXplorer:498 - Change Database Version : DB.6.0.150
2025-12-25 08:44:41,153 [INFO] McuFinderGlobals:63 - Set McuFinder mode to 2 (CubeIDE integrated)
2025-12-25 08:44:41,155 [INFO] UserAuth:487 - Internet connection configuration mode: 1
2025-12-25 08:44:41,207 [INFO] JxBrowserEngine:152 - Initiate JxBrowser Engine with user profile folder
2025-12-25 08:44:41,351 [INFO] CheckServerUpdateThread:120 - End of CheckServer Thread
2025-12-25 08:44:42,637 [INFO] WebApp:169 - Instantiating new browser for Auth
2025-12-25 08:44:43,316 [WARN] PackLoader:240 - Cannot read IP mode file for STMicroelectronics.FP-SNS-MOTENVWB1.1.4.0
2025-12-25 08:44:43,334 [WARN] PackLoader:240 - Cannot read IP mode file for STMicroelectronics.FP-ATR-ASTRA1.2.0.2
2025-12-25 08:44:43,348 [WARN] PackLoader:240 - Cannot read IP mode file for STMicroelectronics.X-CUBE-SMBUS.2.1.0
2025-12-25 08:44:43,407 [WARN] PackLoader:240 - Cannot read IP mode file for STMicroelectronics.X-CUBE-AZRTOS-F7.1.1.0
2025-12-25 08:44:43,429 [WARN] PackLoader:240 - Cannot read IP mode file for STMicroelectronics.X-CUBE-DISPLAY.3.0.0
2025-12-25 08:44:43,452 [WARN] PackLoader:240 - Cannot read IP mode file for STMicroelectronics.X-CUBE-NFC10.1.0.0
2025-12-25 08:44:43,465 [WARN] PackLoader:240 - Cannot read IP mode file for STMicroelectronics.FP-SNS-SMARTAG2.1.2.0
2025-12-25 08:44:43,474 [WARN] PackLoader:240 - Cannot read IP mode file for STMicroelectronics.FP-SNS-FLIGHT1.5.1.0
2025-12-25 08:44:43,493 [INFO] LogOutputStream:77 - [STDOUT_REDIRECT] 1 : Invalid condition id : UX_CORESTACK_Condition cause : null
2025-12-25 08:44:43,495 [INFO] LogOutputStream:77 - [STDOUT_REDIRECT] 1 : Invalid condition id : UX_CORESTACK_Condition cause : null
2025-12-25 08:44:43,498 [INFO] LogOutputStream:77 - [STDOUT_REDIRECT] 1 : Invalid condition id : UX_CORESTACK_Condition cause : null
2025-12-25 08:44:43,501 [INFO] LogOutputStream:77 - [STDOUT_REDIRECT] 1 : Invalid condition id : UX_CORESTACK_Condition cause : null
2025-12-25 08:44:43,504 [INFO] LogOutputStream:77 - [STDOUT_REDIRECT] 1 : Invalid condition id : UX_CORESTACK_Condition cause : null
2025-12-25 08:44:43,509 [WARN] PackLoader:240 - Cannot read IP mode file for STMicroelectronics.X-CUBE-AZRTOS-WL.2.0.0
2025-12-25 08:44:43,523 [WARN] PackLoader:240 - Cannot read IP mode file for STMicroelectronics.X-CUBE-BLE2.3.3.0
2025-12-25 08:44:43,535 [WARN] PackLoader:240 - Cannot read IP mode file for STMicroelectronics.X-CUBE-NFC9.1.0.0
2025-12-25 08:44:43,546 [WARN] PackLoader:240 - Cannot read IP mode file for STMicroelectronics.X-CUBE-BLE1.7.1.0
2025-12-25 08:44:43,572 [WARN] PackLoader:240 - Cannot read IP mode file for STMicroelectronics.X-CUBE-AZRTOS-G0.1.1.0
2025-12-25 08:44:43,583 [WARN] PackLoader:240 - Cannot read IP mode file for STMicroelectronics.X-CUBE-NFC4.3.0.0
2025-12-25 08:44:43,593 [WARN] PackLoader:240 - Cannot read IP mode file for STMicroelectronics.X-CUBE-WB05N.2.0.0
2025-12-25 08:44:43,603 [WARN] PackLoader:240 - Cannot read IP mode file for STMicroelectronics.X-CUBE-TCPP.4.2.0
2025-12-25 08:44:43,613 [WARN] PackLoader:240 - Cannot read IP mode file for STMicroelectronics.FP-ATR-SIGFOX1.3.2.0
2025-12-25 08:44:43,625 [WARN] PackLoader:240 - Cannot read IP mode file for STMicroelectronics.X-CUBE-ALGOBUILD.1.4.0
2025-12-25 08:44:43,632 [WARN] PackLoader:240 - Cannot read IP mode file for STMicroelectronics.X-CUBE-PM33A1.1.0.0
2025-12-25 08:44:43,663 [WARN] PackLoader:240 - Cannot read IP mode file for STMicroelectronics.X-CUBE-AZRTOS-F4.1.1.0
2025-12-25 08:44:43,673 [WARN] PackLoader:240 - Cannot read IP mode file for STMicroelectronics.X-CUBE-ISPU.2.1.0
2025-12-25 08:44:43,698 [WARN] PackLoader:240 - Cannot read IP mode file for STMicroelectronics.X-CUBE-AZRTOS-L5.2.0.0
2025-12-25 08:44:43,711 [WARN] PackLoader:240 - Cannot read IP mode file for STMicroelectronics.X-CUBE-NFC6.3.1.0
2025-12-25 08:44:43,720 [WARN] PackLoader:240 - Cannot read IP mode file for STMicroelectronics.X-CUBE-DPower.1.3.0
2025-12-25 08:44:43,736 [WARN] ConditionMgr:438 - getConditionDescription Invalid condition id : LAN8742 Phy interface Condition cause : null
2025-12-25 08:44:43,737 [WARN] PackLoader:240 - Cannot read IP mode file for STMicroelectronics.X-CUBE-AZRTOS-L4.2.0.0
2025-12-25 08:44:43,738 [WARN] ConditionMgr:1044 - genDependencies : Invalid condition id : LAN8742 Phy interface Condition cause : null
2025-12-25 08:44:43,739 [WARN] ConditionMgr:1044 - genDependencies : Invalid condition id : LAN8742 Phy interface Condition cause : null
2025-12-25 08:44:43,739 [WARN] ConditionMgr:1044 - genDependencies : Invalid condition id : LAN8742 Phy interface Condition cause : null
2025-12-25 08:44:43,751 [WARN] PackLoader:240 - Cannot read IP mode file for STMicroelectronics.X-CUBE-SFXS2LP1.4.0.0
2025-12-25 08:44:43,771 [WARN] ConditionMgr:438 - getConditionDescription Invalid condition id : UX DEVICE CLASS RTOS Condition cause : null
2025-12-25 08:44:43,771 [WARN] ConditionMgr:438 - getConditionDescription Invalid condition id : UX DEVICE CLASS RTOS Condition cause : null
2025-12-25 08:44:43,773 [WARN] PackLoader:240 - Cannot read IP mode file for STMicroelectronics.X-CUBE-AZRTOS-WB.2.0.0
2025-12-25 08:44:43,774 [WARN] ConditionMgr:1044 - genDependencies : Invalid condition id : UX DEVICE CLASS RTOS Condition cause : null
2025-12-25 08:44:43,774 [WARN] ConditionMgr:1044 - genDependencies : Invalid condition id : UX DEVICE CLASS RTOS Condition cause : null
2025-12-25 08:44:43,775 [WARN] ConditionMgr:1044 - genDependencies : Invalid condition id : UX DEVICE CLASS RTOS Condition cause : null
2025-12-25 08:44:43,775 [WARN] ConditionMgr:1044 - genDependencies : Invalid condition id : UX DEVICE CLASS RTOS Condition cause : null
2025-12-25 08:44:43,775 [WARN] ConditionMgr:1044 - genDependencies : Invalid condition id : UX DEVICE CLASS RTOS Condition cause : null
2025-12-25 08:44:43,789 [WARN] PackLoader:240 - Cannot read IP mode file for STMicroelectronics.X-CUBE-SUBG2.5.0.0
2025-12-25 08:44:43,810 [WARN] PackLoader:240 - Cannot read IP mode file for STMicroelectronics.X-CUBE-AZRTOS-G4.2.0.0
2025-12-25 08:44:43,819 [WARN] PackLoader:240 - Cannot read IP mode file for STMicroelectronics.X-CUBE-NFC7.2.0.0
2025-12-25 08:44:43,826 [WARN] PackLoader:240 - Cannot read IP mode file for STMicroelectronics.X-CUBE-ALS.1.0.2
2025-12-25 08:44:43,839 [WARN] PackLoader:240 - Cannot read IP mode file for STMicroelectronics.X-CUBE-TOF1.3.4.3
2025-12-25 08:44:43,851 [INFO] ThirdParty:978 - Integrity check success = true
2025-12-25 08:44:43,851 [INFO] IntegrityCheckThread:100 - exiting critical section [integrity check]
2025-12-25 08:44:43,851 [INFO] IntegrityCheckThread:103 - End integrity checks thread
2025-12-25 08:44:44,549 [INFO] WebApp:463 - Apply proxy settings
2025-12-25 08:44:44,550 [INFO] WebApp:548 - Chromium requires no authentication
2025-12-25 08:44:44,562 [INFO] WebApp:491 - Direct internet connection detected
2025-12-25 08:44:44,591 [INFO] WebApp:900 - Register for checkConnection events
2025-12-25 08:44:44,591 [INFO] WebApp:463 - Apply proxy settings
2025-12-25 08:44:44,591 [INFO] WebApp:548 - Chromium requires no authentication
2025-12-25 08:44:44,592 [INFO] WebApp:491 - Direct internet connection detected
2025-12-25 08:44:44,826 [INFO] WebApp:225 - Starting web application
2025-12-25 08:44:44,827 [INFO] WebApp:593 - Web application path used C:\ST\STM32CubeIDE_1.19.0\STM32CubeIDE\plugins\com.st.stm32cube.common.mx_6.15.0.202507011659\db\plugins\mcufinder\reactClient1\index.html
2025-12-25 08:44:44,939 [INFO] UserAuth:487 - Internet connection configuration mode: 1
2025-12-25 08:44:45,439 [INFO] WebApp:191 - Connection restablished
2025-12-25 08:47:57,906 [ERROR] LogOutputStream:75 - [STDERR_REDIRECT] 
