22:01:24 **** Incremental Build of configuration Debug for project MQ2_LCD_LED ****
make -j16 all 
arm-none-eabi-gcc "../Core/Src/main.c" -mcpu=cortex-m4 -std=gnu11 -g3 -DDEBUG -DUSE_HAL_DRIVER -DSTM32F407xx -c -I../Core/Inc -I../Drivers/STM32F4xx_HAL_Driver/Inc -I../Drivers/STM32F4xx_HAL_Driver/Inc/Legacy -I../Drivers/CMSIS/Device/ST/STM32F4xx/Include -I../Drivers/CMSIS/Include -O0 -ffunction-sections -fdata-sections -Wall -fstack-usage -fcyclomatic-complexity -MMD -MP -MF"Core/Src/main.d" -MT"Core/Src/main.o" --specs=nano.specs -mfpu=fpv4-sp-d16 -mfloat-abi=hard -mthumb -o "Core/Src/main.o"
../Core/Src/main.c: In function 'main':
../Core/Src/main.c:98:3: warning: implicit declaration of function 'MX_ADC1_Init'; did you mean 'MX_I2C1_Init'? [-Wimplicit-function-declaration]
   98 |   MX_ADC1_Init();
      |   ^~~~~~~~~~~~
      |   MX_I2C1_Init
../Core/Src/main.c:116:16: warning: implicit declaration of function 'read_adc' [-Wimplicit-function-declaration]
  116 |          val = read_adc();
      |                ^~~~~~~~
arm-none-eabi-gcc -o "MQ2_LCD_LED.elf" @"objects.list"   -mcpu=cortex-m4 -T"C:\Users\aditi\OneDrive\Desktop\Sunbeam_Internship\ARM_94076_Aditi\Smart_Env_Monitor\MQ2_LCD_LED\STM32F407VGTX_FLASH.ld" --specs=nosys.specs -Wl,-Map="MQ2_LCD_LED.map" -Wl,--gc-sections -static --specs=nano.specs -mfpu=fpv4-sp-d16 -mfloat-abi=hard -mthumb -Wl,--start-group -lc -lm -Wl,--end-group
Finished building target: MQ2_LCD_LED.elf
 
arm-none-eabi-size  MQ2_LCD_LED.elf 
arm-none-eabi-objdump -h -S MQ2_LCD_LED.elf  > "MQ2_LCD_LED.list"
   text	   data	    bss	    dec	    hex	filename
  15012	     92	   2068	  17172	   4314	MQ2_LCD_LED.elf
Finished building: default.size.stdout
 
Finished building: MQ2_LCD_LED.list
 
22:01:30 **** Incremental Build of configuration Debug for project MQ2_LCD_LED ****
make -j16 all 
arm-none-eabi-size  MQ2_LCD_LED.elf 
   text	   data	    bss	    dec	    hex	filename
  15012	     92	   2068	  17172	   4314	MQ2_LCD_LED.elf
Finished building: default.size.stdout
 
22:02:39 **** Incremental Build of configuration Debug for project MQ2_LCD_LED ****
make -j16 all 
arm-none-eabi-size  MQ2_LCD_LED.elf 
   text	   data	    bss	    dec	    hex	filename
  15012	     92	   2068	  17172	   4314	MQ2_LCD_LED.elf
Finished building: default.size.stdout
 
22:04:32 **** Incremental Build of configuration Debug for project MQ2_LCD_LED ****
make -j16 all 
arm-none-eabi-size  MQ2_LCD_LED.elf 
   text	   data	    bss	    dec	    hex	filename
  15012	     92	   2068	  17172	   4314	MQ2_LCD_LED.elf
Finished building: default.size.stdout
 
