12:12:43 **** Incremental Build of configuration Debug for project MQ2 ****
make -j16 all 
arm-none-eabi-gcc "../Core/Src/main.c" -mcpu=cortex-m4 -std=gnu11 -g3 -DDEBUG -DUSE_HAL_DRIVER -DSTM32F407xx -c -I../Core/Inc -I../Drivers/STM32F4xx_HAL_Driver/Inc -I../Drivers/STM32F4xx_HAL_Driver/Inc/Legacy -I../Drivers/CMSIS/Device/ST/STM32F4xx/Include -I../Drivers/CMSIS/Include -O0 -ffunction-sections -fdata-sections -Wall -fstack-usage -fcyclomatic-complexity -MMD -MP -MF"Core/Src/main.d" -MT"Core/Src/main.o" --specs=nano.specs -mfpu=fpv4-sp-d16 -mfloat-abi=soft -mthumb -o "Core/Src/main.o"
../Core/Src/main.c: In function 'main':
../Core/Src/main.c:115:51: warning: '
   ' directive writing 2 bytes into a region of size between 0 and 4 [-Wformat-overflow=]
  115 |                   sprintf(str1, "MQ2 Gas Value: %d\r\n", val);
      |                                                   ^~~~
../Core/Src/main.c:115:19: note: 'sprintf' output between 19 and 23 bytes into a destination of size 20
  115 |                   sprintf(str1, "MQ2 Gas Value: %d\r\n", val);
      |                   ^~~~~~~~~~~~~~~~~~~~~~~~~~~~~~~~~~~~~~~~~~~
arm-none-eabi-gcc -o "MQ2.elf" @"objects.list"   -mcpu=cortex-m4 -T"C:\Users\aditi\OneDrive\Desktop\Sunbeam_Internship\ARM_94076_Aditi\MQ2\MQ2\STM32F407VGTX_FLASH.ld" --specs=nosys.specs -Wl,-Map="MQ2.map" -Wl,--gc-sections -static --specs=nano.specs -mfpu=fpv4-sp-d16 -mfloat-abi=soft -mthumb -Wl,--start-group -lc -lm -Wl,--end-group
Finished building target: MQ2.elf
 
arm-none-eabi-size  MQ2.elf 
arm-none-eabi-objdump -h -S MQ2.elf  > "MQ2.list"
   text	   data	    bss	    dec	    hex	filename
  13536	     92	   2044	  15672	   3d38	MQ2.elf
Finished building: default.size.stdout
 
Finished building: MQ2.list
 
12:12:48 **** Incremental Build of configuration Debug for project MQ2 ****
make -j16 all 
arm-none-eabi-size  MQ2.elf 
   text	   data	    bss	    dec	    hex	filename
  13536	     92	   2044	  15672	   3d38	MQ2.elf
Finished building: default.size.stdout
 
12:13:44 **** Incremental Build of configuration Debug for project MQ2 ****
make -j16 all 
arm-none-eabi-size  MQ2.elf 
   text	   data	    bss	    dec	    hex	filename
  13536	     92	   2044	  15672	   3d38	MQ2.elf
Finished building: default.size.stdout
 
