10:57:02 **** Incremental Build of configuration Debug for project code6_LED Toggle Without Using led_on or led_off ****
make -j16 all 
arm-none-eabi-size  code6_LED\ Toggle\ Without\ Using\ led_on\ or\ led_off.elf 
   text	   data	    bss	    dec	    hex	filename
    964	      0	   1568	   2532	    9e4	code6_LED Toggle Without Using led_on or led_off.elf
Finished building: default.size.stdout
 
10:57:06 **** Incremental Build of configuration Debug for project code6_LED Toggle Without Using led_on or led_off ****
make -j16 all 
arm-none-eabi-size  code6_LED\ Toggle\ Without\ Using\ led_on\ or\ led_off.elf 
   text	   data	    bss	    dec	    hex	filename
    964	      0	   1568	   2532	    9e4	code6_LED Toggle Without Using led_on or led_off.elf
Finished building: default.size.stdout
 
10:57:12 **** Incremental Build of configuration Debug for project code6_LED Toggle Without Using led_on or led_off ****
make -j16 all 
arm-none-eabi-size  code6_LED\ Toggle\ Without\ Using\ led_on\ or\ led_off.elf 
   text	   data	    bss	    dec	    hex	filename
    964	      0	   1568	   2532	    9e4	code6_LED Toggle Without Using led_on or led_off.elf
Finished building: default.size.stdout
 
