10:39:50 **** Incremental Build of configuration Debug for project code3_Running LED_Left to Right ****
make -j16 all 
arm-none-eabi-gcc "../Core/Src/main.c" -mcpu=cortex-m4 -std=gnu11 -g3 -DDEBUG -DUSE_HAL_DRIVER -DSTM32F407xx -c -I../Core/Inc -I../Drivers/STM32F4xx_HAL_Driver/Inc -I../Drivers/STM32F4xx_HAL_Driver/Inc/Legacy -I../Drivers/CMSIS/Device/ST/STM32F4xx/Include -I../Drivers/CMSIS/Include -O0 -ffunction-sections -fdata-sections -Wall -fstack-usage -fcyclomatic-complexity -MMD -MP -MF"Core/Src/main.d" -MT"Core/Src/main.o" --specs=nano.specs -mfpu=fpv4-sp-d16 -mfloat-abi=soft -mthumb -o "Core/Src/main.o"
../Core/Src/main.c:198:13: warning: 'MX_GPIO_Init' defined but not used [-Wunused-function]
  198 | static void MX_GPIO_Init(void)
      |             ^~~~~~~~~~~~
arm-none-eabi-gcc -o "code3_Running LED_Left to Right.elf" @"objects.list"   -mcpu=cortex-m4 -T"C:\Users\aditi\OneDrive\Desktop\Sunbeam_Internship\ARM_94076_Aditi\assignment_3_using HAL\code3_Running LED_Left to Right\STM32F407VGTX_FLASH.ld" --specs=nosys.specs -Wl,-Map="code3_Running LED_Left to Right.map" -Wl,--gc-sections -static --specs=nano.specs -mfpu=fpv4-sp-d16 -mfloat-abi=soft -mthumb -Wl,--start-group -lc -lm -Wl,--end-group
Finished building target: code3_Running LED_Left to Right.elf
 
arm-none-eabi-size  code3_Running\ LED_Left\ to\ Right.elf 
arm-none-eabi-objdump -h -S code3_Running\ LED_Left\ to\ Right.elf  > "code3_Running LED_Left to Right.list"
   text	   data	    bss	    dec	    hex	filename
   5104	     12	   1572	   6688	   1a20	code3_Running LED_Left to Right.elf
Finished building: default.size.stdout
 
Finished building: code3_Running LED_Left to Right.list
 

10:39:51 Build Finished. 0 errors, 1 warnings. (took 1s.119ms)

